<?xml version="1.0" encoding="UTF-8"?>
<testsuites>
  <testsuite name="" tests="27" assertions="50" failures="0" errors="0" time="4.056383">
    <testsuite name="WSL_Test_Components" file="C:\xampp\htdocs\hybridauth\hawp4\wp-content\plugins\wordpress-social-login\tests\test_components.php" fullPackage="WSL.Test" tests="4" assertions="4" failures="0" errors="0" time="0.081961">
      <testcase name="test_component_core_enabled" class="WSL_Test_Components" file="C:\xampp\htdocs\hybridauth\hawp4\wp-content\plugins\wordpress-social-login\tests\test_components.php" line="21" assertions="1" time="0.019947"/>
      <testcase name="test_component_networks_enabled" class="WSL_Test_Components" file="C:\xampp\htdocs\hybridauth\hawp4\wp-content\plugins\wordpress-social-login\tests\test_components.php" line="26" assertions="1" time="0.018263"/>
      <testcase name="test_component_loginwidget_enabled" class="WSL_Test_Components" file="C:\xampp\htdocs\hybridauth\hawp4\wp-content\plugins\wordpress-social-login\tests\test_components.php" line="31" assertions="1" time="0.020246"/>
      <testcase name="test_component_bouncer_enabled" class="WSL_Test_Components" file="C:\xampp\htdocs\hybridauth\hawp4\wp-content\plugins\wordpress-social-login\tests\test_components.php" line="36" assertions="1" time="0.023505"/>
    </testsuite>
    <testsuite name="WSL_Test_Globals" file="C:\xampp\htdocs\hybridauth\hawp4\wp-content\plugins\wordpress-social-login\tests\test_globals.php" fullPackage="WSL.Test" tests="4" assertions="5" failures="0" errors="0" time="0.082382">
      <testcase name="test_version" class="WSL_Test_Globals" file="C:\xampp\htdocs\hybridauth\hawp4\wp-content\plugins\wordpress-social-login\tests\test_globals.php" line="21" assertions="2" time="0.029839"/>
      <testcase name="test_providers" class="WSL_Test_Globals" file="C:\xampp\htdocs\hybridauth\hawp4\wp-content\plugins\wordpress-social-login\tests\test_globals.php" line="28" assertions="1" time="0.016312"/>
      <testcase name="test_components" class="WSL_Test_Globals" file="C:\xampp\htdocs\hybridauth\hawp4\wp-content\plugins\wordpress-social-login\tests\test_globals.php" line="35" assertions="1" time="0.017026"/>
      <testcase name="test_tabs" class="WSL_Test_Globals" file="C:\xampp\htdocs\hybridauth\hawp4\wp-content\plugins\wordpress-social-login\tests\test_globals.php" line="42" assertions="1" time="0.019205"/>
    </testsuite>
    <testsuite name="WSL_Test_Install" file="C:\xampp\htdocs\hybridauth\hawp4\wp-content\plugins\wordpress-social-login\tests\test_install.php" fullPackage="WSL.Test" tests="9" assertions="13" failures="0" errors="0" time="0.156400">
      <testcase name="test_requirements" class="WSL_Test_Install" file="C:\xampp\htdocs\hybridauth\hawp4\wp-content\plugins\wordpress-social-login\tests\test_install.php" line="21" assertions="1" time="0.010138"/>
      <testcase name="test_tables" class="WSL_Test_Install" file="C:\xampp\htdocs\hybridauth\hawp4\wp-content\plugins\wordpress-social-login\tests\test_install.php" line="26" assertions="2" time="0.010863"/>
      <testcase name="test_options_created" class="WSL_Test_Install" file="C:\xampp\htdocs\hybridauth\hawp4\wp-content\plugins\wordpress-social-login\tests\test_install.php" line="37" assertions="2" time="0.020902"/>
      <testcase name="test_registration_enabled" class="WSL_Test_Install" file="C:\xampp\htdocs\hybridauth\hawp4\wp-content\plugins\wordpress-social-login\tests\test_install.php" line="46" assertions="1" time="0.019546"/>
      <testcase name="test_authentication_enabled" class="WSL_Test_Install" file="C:\xampp\htdocs\hybridauth\hawp4\wp-content\plugins\wordpress-social-login\tests\test_install.php" line="52" assertions="1" time="0.020506"/>
      <testcase name="test_default_networks_enabled" class="WSL_Test_Install" file="C:\xampp\htdocs\hybridauth\hawp4\wp-content\plugins\wordpress-social-login\tests\test_install.php" line="58" assertions="3" time="0.022409"/>
      <testcase name="test_linking_account_disabled" class="WSL_Test_Install" file="C:\xampp\htdocs\hybridauth\hawp4\wp-content\plugins\wordpress-social-login\tests\test_install.php" line="71" assertions="1" time="0.021081"/>
      <testcase name="test_devmode_disabled" class="WSL_Test_Install" file="C:\xampp\htdocs\hybridauth\hawp4\wp-content\plugins\wordpress-social-login\tests\test_install.php" line="77" assertions="1" time="0.010393"/>
      <testcase name="test_debugmode_disabled" class="WSL_Test_Install" file="C:\xampp\htdocs\hybridauth\hawp4\wp-content\plugins\wordpress-social-login\tests\test_install.php" line="83" assertions="1" time="0.020562"/>
    </testsuite>
    <testsuite name="WSL_Test_Session" file="C:\xampp\htdocs\hybridauth\hawp4\wp-content\plugins\wordpress-social-login\tests\test_session.php" fullPackage="WSL.Test" tests="1" assertions="1" failures="0" errors="0" time="0.018098">
      <testcase name="test_wsl_version" class="WSL_Test_Session" file="C:\xampp\htdocs\hybridauth\hawp4\wp-content\plugins\wordpress-social-login\tests\test_session.php" line="21" assertions="1" time="0.018098"/>
    </testsuite>
    <testsuite name="WSL_Test_URL" file="C:\xampp\htdocs\hybridauth\hawp4\wp-content\plugins\wordpress-social-login\tests\test_url.php" fullPackage="WSL.Test" tests="2" assertions="2" failures="0" errors="0" time="0.032113">
      <testcase name="test_wsl_is_https_on" class="WSL_Test_URL" file="C:\xampp\htdocs\hybridauth\hawp4\wp-content\plugins\wordpress-social-login\tests\test_url.php" line="21" assertions="1" time="0.016440"/>
      <testcase name="test_wsl_get_current_url" class="WSL_Test_URL" file="C:\xampp\htdocs\hybridauth\hawp4\wp-content\plugins\wordpress-social-login\tests\test_url.php" line="26" assertions="1" time="0.015673"/>
    </testsuite>
    <testsuite name="WSL_Test_Users" file="C:\xampp\htdocs\hybridauth\hawp4\wp-content\plugins\wordpress-social-login\tests\test_users.php" fullPackage="WSL.Test" tests="3" assertions="14" failures="0" errors="0" time="3.536460">
      <testcase name="test_wsl_wp_email_exists" class="WSL_Test_Users" file="C:\xampp\htdocs\hybridauth\hawp4\wp-content\plugins\wordpress-social-login\tests\test_users.php" line="45" assertions="1" time="0.978397"/>
      <testcase name="test_store_user_social_profile" class="WSL_Test_Users" file="C:\xampp\htdocs\hybridauth\hawp4\wp-content\plugins\wordpress-social-login\tests\test_users.php" line="53" assertions="11" time="1.055777"/>
      <testcase name="test_delete_user_social_profile" class="WSL_Test_Users" file="C:\xampp\htdocs\hybridauth\hawp4\wp-content\plugins\wordpress-social-login\tests\test_users.php" line="84" assertions="2" time="1.502286"/>
    </testsuite>
    <testsuite name="WSL_Test_Widget" file="C:\xampp\htdocs\hybridauth\hawp4\wp-content\plugins\wordpress-social-login\tests\test_widget.php" fullPackage="WSL.Test" tests="4" assertions="11" failures="0" errors="0" time="0.148968">
      <testcase name="test_has_action" class="WSL_Test_Widget" file="C:\xampp\htdocs\hybridauth\hawp4\wp-content\plugins\wordpress-social-login\tests\test_widget.php" line="21" assertions="1" time="0.016679"/>
      <testcase name="test_shortcode_exists" class="WSL_Test_Widget" file="C:\xampp\htdocs\hybridauth\hawp4\wp-content\plugins\wordpress-social-login\tests\test_widget.php" line="27" assertions="1" time="0.016237"/>
      <testcase name="test_did_actions" class="WSL_Test_Widget" file="C:\xampp\htdocs\hybridauth\hawp4\wp-content\plugins\wordpress-social-login\tests\test_widget.php" line="33" assertions="2" time="0.061941"/>
      <testcase name="test_has_content" class="WSL_Test_Widget" file="C:\xampp\htdocs\hybridauth\hawp4\wp-content\plugins\wordpress-social-login\tests\test_widget.php" line="44" assertions="7" time="0.054111"/>
    </testsuite>
  </testsuite>
</testsuites>
